app/(auth)/driver/under-review.tsx(3,10): error TS2305: Module '"expo-router"' has no exported member 'useRouter'.
app/(auth)/driver/under-review.tsx(17,5): error TS2607: JSX element class does not support attributes because it does not have a 'props' property.
app/(auth)/driver/under-review.tsx(17,6): error TS2786: 'SafeAreaView' cannot be used as a JSX component.
  Its type 'typeof SafeAreaView' is not a valid JSX element type.
    Type 'typeof SafeAreaView' is not assignable to type 'new (props: any, context: any) => Component<any, any, any>'.
      Type 'SafeAreaView' is missing the following properties from type 'Component<any, any, any>': context, setState, forceUpdate, render, and 2 more.
app/(auth)/driver/under-review.tsx(18,7): error TS2607: JSX element class does not support attributes because it does not have a 'props' property.
app/(auth)/driver/under-review.tsx(18,8): error TS2786: 'View' cannot be used as a JSX component.
  Its type 'typeof View' is not a valid JSX element type.
    Type 'typeof View' is not assignable to type 'new (props: any, context: any) => Component<any, any, any>'.
      Type 'View' is missing the following properties from type 'Component<any, any, any>': context, setState, forceUpdate, render, and 2 more.
app/(auth)/driver/under-review.tsx(19,9): error TS2607: JSX element class does not support attributes because it does not have a 'props' property.
app/(auth)/driver/under-review.tsx(19,10): error TS2786: 'View' cannot be used as a JSX component.
  Its type 'typeof View' is not a valid JSX element type.
    Type 'typeof View' is not assignable to type 'new (props: any, context: any) => Component<any, any, any>'.
      Type 'View' is missing the following properties from type 'Component<any, any, any>': context, setState, forceUpdate, render, and 2 more.
app/(auth)/driver/under-review.tsx(23,9): error TS2607: JSX element class does not support attributes because it does not have a 'props' property.
app/(auth)/driver/under-review.tsx(23,10): error TS2786: 'View' cannot be used as a JSX component.
  Its type 'typeof View' is not a valid JSX element type.
    Type 'typeof View' is not assignable to type 'new (props: any, context: any) => Component<any, any, any>'.
      Type 'View' is missing the following properties from type 'Component<any, any, any>': context, setState, forceUpdate, render, and 2 more.
app/(auth)/driver/under-review.tsx(24,11): error TS2607: JSX element class does not support attributes because it does not have a 'props' property.
app/(auth)/driver/under-review.tsx(24,12): error TS2786: 'Text' cannot be used as a JSX component.
  Its type 'typeof Text' is not a valid JSX element type.
    Type 'typeof Text' is not assignable to type 'new (props: any, context: any) => Component<any, any, any>'.
      Type 'Text' is missing the following properties from type 'Component<any, any, any>': context, setState, forceUpdate, render, and 2 more.
app/(auth)/driver/under-review.tsx(27,11): error TS2607: JSX element class does not support attributes because it does not have a 'props' property.
app/(auth)/driver/under-review.tsx(27,12): error TS2786: 'Text' cannot be used as a JSX component.
  Its type 'typeof Text' is not a valid JSX element type.
    Type 'typeof Text' is not assignable to type 'new (props: any, context: any) => Component<any, any, any>'.
      Type 'Text' is missing the following properties from type 'Component<any, any, any>': context, setState, forceUpdate, render, and 2 more.
app/(auth)/driver/under-review.tsx(29,13): error TS2607: JSX element class does not support attributes because it does not have a 'props' property.
app/(auth)/driver/under-review.tsx(29,14): error TS2786: 'Text' cannot be used as a JSX component.
  Its type 'typeof Text' is not a valid JSX element type.
    Type 'typeof Text' is not assignable to type 'new (props: any, context: any) => Component<any, any, any>'.
      Type 'Text' is missing the following properties from type 'Component<any, any, any>': context, setState, forceUpdate, render, and 2 more.
app/(auth)/driver/under-review.tsx(33,9): error TS2607: JSX element class does not support attributes because it does not have a 'props' property.
app/(auth)/driver/under-review.tsx(33,10): error TS2786: 'View' cannot be used as a JSX component.
  Its type 'typeof View' is not a valid JSX element type.
    Type 'typeof View' is not assignable to type 'new (props: any, context: any) => Component<any, any, any>'.
      Type 'View' is missing the following properties from type 'Component<any, any, any>': context, setState, forceUpdate, render, and 2 more.
app/(auth)/driver/under-review.tsx(34,11): error TS2607: JSX element class does not support attributes because it does not have a 'props' property.
app/(auth)/driver/under-review.tsx(34,12): error TS2786: 'Text' cannot be used as a JSX component.
  Its type 'typeof Text' is not a valid JSX element type.
    Type 'typeof Text' is not assignable to type 'new (props: any, context: any) => Component<any, any, any>'.
      Type 'Text' is missing the following properties from type 'Component<any, any, any>': context, setState, forceUpdate, render, and 2 more.
app/(auth)/driver/under-review.tsx(40,9): error TS2607: JSX element class does not support attributes because it does not have a 'props' property.
app/(auth)/driver/under-review.tsx(40,10): error TS2786: 'View' cannot be used as a JSX component.
  Its type 'typeof View' is not a valid JSX element type.
    Type 'typeof View' is not assignable to type 'new (props: any, context: any) => Component<any, any, any>'.
      Type 'View' is missing the following properties from type 'Component<any, any, any>': context, setState, forceUpdate, render, and 2 more.
app/(auth)/driver/under-review.tsx(41,11): error TS2607: JSX element class does not support attributes because it does not have a 'props' property.
app/(auth)/driver/under-review.tsx(41,12): error TS2786: 'View' cannot be used as a JSX component.
  Its type 'typeof View' is not a valid JSX element type.
    Type 'typeof View' is not assignable to type 'new (props: any, context: any) => Component<any, any, any>'.
      Type 'View' is missing the following properties from type 'Component<any, any, any>': context, setState, forceUpdate, render, and 2 more.
app/(auth)/driver/under-review.tsx(42,13): error TS2607: JSX element class does not support attributes because it does not have a 'props' property.
app/(auth)/driver/under-review.tsx(42,14): error TS2786: 'Text' cannot be used as a JSX component.
  Its type 'typeof Text' is not a valid JSX element type.
    Type 'typeof Text' is not assignable to type 'new (props: any, context: any) => Component<any, any, any>'.
      Type 'Text' is missing the following properties from type 'Component<any, any, any>': context, setState, forceUpdate, render, and 2 more.
app/(auth)/driver/under-review.tsx(43,13): error TS2607: JSX element class does not support attributes because it does not have a 'props' property.
app/(auth)/driver/under-review.tsx(43,14): error TS2786: 'Text' cannot be used as a JSX component.
  Its type 'typeof Text' is not a valid JSX element type.
    Type 'typeof Text' is not assignable to type 'new (props: any, context: any) => Component<any, any, any>'.
      Type 'Text' is missing the following properties from type 'Component<any, any, any>': context, setState, forceUpdate, render, and 2 more.
app/(auth)/driver/verify-identity.tsx(9,10): error TS2305: Module '"expo-router"' has no exported member 'useRouter'.
app/(auth)/driver/verify-identity.tsx(48,5): error TS2607: JSX element class does not support attributes because it does not have a 'props' property.
app/(auth)/driver/verify-identity.tsx(48,6): error TS2786: 'SafeAreaView' cannot be used as a JSX component.
  Its type 'typeof SafeAreaView' is not a valid JSX element type.
    Type 'typeof SafeAreaView' is not assignable to type 'new (props: any, context: any) => Component<any, any, any>'.
      Type 'SafeAreaView' is missing the following properties from type 'Component<any, any, any>': context, setState, forceUpdate, render, and 2 more.
app/(auth)/driver/verify-identity.tsx(49,7): error TS2607: JSX element class does not support attributes because it does not have a 'props' property.
app/(auth)/driver/verify-identity.tsx(49,8): error TS2786: 'ScrollView' cannot be used as a JSX component.
  Its type 'typeof ScrollView' is not a valid JSX element type.
    Type 'typeof ScrollView' is not assignable to type 'new (props: any, context: any) => Component<any, any, any>'.
      Type 'ScrollView' is missing the following properties from type 'Component<any, any, any>': context, setState, forceUpdate, render, and 2 more.
app/(auth)/driver/verify-identity.tsx(57,9): error TS2607: JSX element class does not support attributes because it does not have a 'props' property.
app/(auth)/driver/verify-identity.tsx(57,10): error TS2786: 'View' cannot be used as a JSX component.
  Its type 'typeof View' is not a valid JSX element type.
    Type 'typeof View' is not assignable to type 'new (props: any, context: any) => Component<any, any, any>'.
      Type 'View' is missing the following properties from type 'Component<any, any, any>': context, setState, forceUpdate, render, and 2 more.
app/(auth)/driver/verify-identity.tsx(58,11): error TS2607: JSX element class does not support attributes because it does not have a 'props' property.
app/(auth)/driver/verify-identity.tsx(58,12): error TS2786: 'Text' cannot be used as a JSX component.
  Its type 'typeof Text' is not a valid JSX element type.
    Type 'typeof Text' is not assignable to type 'new (props: any, context: any) => Component<any, any, any>'.
      Type 'Text' is missing the following properties from type 'Component<any, any, any>': context, setState, forceUpdate, render, and 2 more.
app/(auth)/driver/verify-identity.tsx(61,11): error TS2607: JSX element class does not support attributes because it does not have a 'props' property.
app/(auth)/driver/verify-identity.tsx(61,12): error TS2786: 'Text' cannot be used as a JSX component.
  Its type 'typeof Text' is not a valid JSX element type.
    Type 'typeof Text' is not assignable to type 'new (props: any, context: any) => Component<any, any, any>'.
      Type 'Text' is missing the following properties from type 'Component<any, any, any>': context, setState, forceUpdate, render, and 2 more.
app/(auth)/driver/verify-identity.tsx(66,9): error TS2607: JSX element class does not support attributes because it does not have a 'props' property.
app/(auth)/driver/verify-identity.tsx(66,10): error TS2786: 'View' cannot be used as a JSX component.
  Its type 'typeof View' is not a valid JSX element type.
    Type 'typeof View' is not assignable to type 'new (props: any, context: any) => Component<any, any, any>'.
      Type 'View' is missing the following properties from type 'Component<any, any, any>': context, setState, forceUpdate, render, and 2 more.
app/(auth)/driver/verify-identity.tsx(67,11): error TS2607: JSX element class does not support attributes because it does not have a 'props' property.
app/(auth)/driver/verify-identity.tsx(67,12): error TS2786: 'View' cannot be used as a JSX component.
  Its type 'typeof View' is not a valid JSX element type.
    Type 'typeof View' is not assignable to type 'new (props: any, context: any) => Component<any, any, any>'.
      Type 'View' is missing the following properties from type 'Component<any, any, any>': context, setState, forceUpdate, render, and 2 more.
app/(auth)/driver/verify-identity.tsx(68,13): error TS2607: JSX element class does not support attributes because it does not have a 'props' property.
app/(auth)/driver/verify-identity.tsx(68,14): error TS2786: 'Text' cannot be used as a JSX component.
  Its type 'typeof Text' is not a valid JSX element type.
    Type 'typeof Text' is not assignable to type 'new (props: any, context: any) => Component<any, any, any>'.
      Type 'Text' is missing the following properties from type 'Component<any, any, any>': context, setState, forceUpdate, render, and 2 more.
app/(auth)/driver/verify-identity.tsx(85,11): error TS2607: JSX element class does not support attributes because it does not have a 'props' property.
app/(auth)/driver/verify-identity.tsx(85,12): error TS2786: 'View' cannot be used as a JSX component.
  Its type 'typeof View' is not a valid JSX element type.
    Type 'typeof View' is not assignable to type 'new (props: any, context: any) => Component<any, any, any>'.
      Type 'View' is missing the following properties from type 'Component<any, any, any>': context, setState, forceUpdate, render, and 2 more.
app/(auth)/driver/verify-identity.tsx(86,13): error TS2607: JSX element class does not support attributes because it does not have a 'props' property.
app/(auth)/driver/verify-identity.tsx(86,14): error TS2786: 'Text' cannot be used as a JSX component.
  Its type 'typeof Text' is not a valid JSX element type.
    Type 'typeof Text' is not assignable to type 'new (props: any, context: any) => Component<any, any, any>'.
      Type 'Text' is missing the following properties from type 'Component<any, any, any>': context, setState, forceUpdate, render, and 2 more.
app/(auth)/driver/verify-identity.tsx(98,9): error TS2607: JSX element class does not support attributes because it does not have a 'props' property.
app/(auth)/driver/verify-identity.tsx(98,10): error TS2786: 'View' cannot be used as a JSX component.
  Its type 'typeof View' is not a valid JSX element type.
    Type 'typeof View' is not assignable to type 'new (props: any, context: any) => Component<any, any, any>'.
      Type 'View' is missing the following properties from type 'Component<any, any, any>': context, setState, forceUpdate, render, and 2 more.
app/(auth)/driver/verify-identity.tsx(100,11): error TS2607: JSX element class does not support attributes because it does not have a 'props' property.
app/(auth)/driver/verify-identity.tsx(100,12): error TS2786: 'View' cannot be used as a JSX component.
  Its type 'typeof View' is not a valid JSX element type.
    Type 'typeof View' is not assignable to type 'new (props: any, context: any) => Component<any, any, any>'.
      Type 'View' is missing the following properties from type 'Component<any, any, any>': context, setState, forceUpdate, render, and 2 more.
app/(auth)/driver/verify-identity.tsx(101,13): error TS2607: JSX element class does not support attributes because it does not have a 'props' property.
app/(auth)/driver/verify-identity.tsx(101,14): error TS2786: 'Text' cannot be used as a JSX component.
  Its type 'typeof Text' is not a valid JSX element type.
    Type 'typeof Text' is not assignable to type 'new (props: any, context: any) => Component<any, any, any>'.
      Type 'Text' is missing the following properties from type 'Component<any, any, any>': context, setState, forceUpdate, render, and 2 more.
app/(auth)/driver/verify-identity.tsx(104,13): error TS2607: JSX element class does not support attributes because it does not have a 'props' property.
app/(auth)/driver/verify-identity.tsx(104,14): error TS2786: 'Text' cannot be used as a JSX component.
  Its type 'typeof Text' is not a valid JSX element type.
    Type 'typeof Text' is not assignable to type 'new (props: any, context: any) => Component<any, any, any>'.
      Type 'Text' is missing the following properties from type 'Component<any, any, any>': context, setState, forceUpdate, render, and 2 more.
app/(auth)/login.tsx(12,10): error TS2305: Module '"expo-router"' has no exported member 'useRouter'.
app/(auth)/login.tsx(12,21): error TS2305: Module '"expo-router"' has no exported member 'useLocalSearchParams'.
app/(auth)/login.tsx(36,5): error TS2607: JSX element class does not support attributes because it does not have a 'props' property.
app/(auth)/login.tsx(36,6): error TS2786: 'SafeAreaView' cannot be used as a JSX component.
  Its type 'typeof SafeAreaView' is not a valid JSX element type.
    Type 'typeof SafeAreaView' is not assignable to type 'new (props: any, context: any) => Component<any, any, any>'.
      Type 'SafeAreaView' is missing the following properties from type 'Component<any, any, any>': context, setState, forceUpdate, render, and 2 more.
app/(auth)/login.tsx(37,7): error TS2607: JSX element class does not support attributes because it does not have a 'props' property.
app/(auth)/login.tsx(37,8): error TS2786: 'KeyboardAvoidingView' cannot be used as a JSX component.
  Its type 'typeof KeyboardAvoidingView' is not a valid JSX element type.
    Type 'typeof KeyboardAvoidingView' is not assignable to type 'new (props: any, context: any) => Component<any, any, any>'.
      Type 'KeyboardAvoidingView' is missing the following properties from type 'Component<any, any, any>': context, setState, forceUpdate, render, and 2 more.
app/(auth)/login.tsx(41,9): error TS2607: JSX element class does not support attributes because it does not have a 'props' property.
app/(auth)/login.tsx(41,10): error TS2786: 'ScrollView' cannot be used as a JSX component.
  Its type 'typeof ScrollView' is not a valid JSX element type.
    Type 'typeof ScrollView' is not assignable to type 'new (props: any, context: any) => Component<any, any, any>'.
      Type 'ScrollView' is missing the following properties from type 'Component<any, any, any>': context, setState, forceUpdate, render, and 2 more.
app/(auth)/login.tsx(50,11): error TS2607: JSX element class does not support attributes because it does not have a 'props' property.
app/(auth)/login.tsx(50,12): error TS2786: 'View' cannot be used as a JSX component.
  Its type 'typeof View' is not a valid JSX element type.
    Type 'typeof View' is not assignable to type 'new (props: any, context: any) => Component<any, any, any>'.
      Type 'View' is missing the following properties from type 'Component<any, any, any>': context, setState, forceUpdate, render, and 2 more.
app/(auth)/login.tsx(51,13): error TS2607: JSX element class does not support attributes because it does not have a 'props' property.
app/(auth)/login.tsx(51,14): error TS2786: 'Text' cannot be used as a JSX component.
  Its type 'typeof Text' is not a valid JSX element type.
    Type 'typeof Text' is not assignable to type 'new (props: any, context: any) => Component<any, any, any>'.
      Type 'Text' is missing the following properties from type 'Component<any, any, any>': context, setState, forceUpdate, render, and 2 more.
app/(auth)/login.tsx(54,13): error TS2607: JSX element class does not support attributes because it does not have a 'props' property.
app/(auth)/login.tsx(54,14): error TS2786: 'Text' cannot be used as a JSX component.
  Its type 'typeof Text' is not a valid JSX element type.
    Type 'typeof Text' is not assignable to type 'new (props: any, context: any) => Component<any, any, any>'.
      Type 'Text' is missing the following properties from type 'Component<any, any, any>': context, setState, forceUpdate, render, and 2 more.
app/(auth)/login.tsx(61,11): error TS2607: JSX element class does not support attributes because it does not have a 'props' property.
app/(auth)/login.tsx(61,12): error TS2786: 'View' cannot be used as a JSX component.
  Its type 'typeof View' is not a valid JSX element type.
    Type 'typeof View' is not assignable to type 'new (props: any, context: any) => Component<any, any, any>'.
      Type 'View' is missing the following properties from type 'Component<any, any, any>': context, setState, forceUpdate, render, and 2 more.
app/(auth)/login.tsx(63,13): error TS2607: JSX element class does not support attributes because it does not have a 'props' property.
app/(auth)/login.tsx(63,14): error TS2786: 'View' cannot be used as a JSX component.
  Its type 'typeof View' is not a valid JSX element type.
    Type 'typeof View' is not assignable to type 'new (props: any, context: any) => Component<any, any, any>'.
      Type 'View' is missing the following properties from type 'Component<any, any, any>': context, setState, forceUpdate, render, and 2 more.
app/(auth)/login.tsx(64,15): error TS2607: JSX element class does not support attributes because it does not have a 'props' property.
app/(auth)/login.tsx(64,16): error TS2786: 'Text' cannot be used as a JSX component.
  Its type 'typeof Text' is not a valid JSX element type.
    Type 'typeof Text' is not assignable to type 'new (props: any, context: any) => Component<any, any, any>'.
      Type 'Text' is missing the following properties from type 'Component<any, any, any>': context, setState, forceUpdate, render, and 2 more.
app/(auth)/login.tsx(67,15): error TS2607: JSX element class does not support attributes because it does not have a 'props' property.
app/(auth)/login.tsx(67,16): error TS2786: 'View' cannot be used as a JSX component.
  Its type 'typeof View' is not a valid JSX element type.
    Type 'typeof View' is not assignable to type 'new (props: any, context: any) => Component<any, any, any>'.
      Type 'View' is missing the following properties from type 'Component<any, any, any>': context, setState, forceUpdate, render, and 2 more.
app/(auth)/login.tsx(68,17): error TS2607: JSX element class does not support attributes because it does not have a 'props' property.
app/(auth)/login.tsx(68,18): error TS2786: 'View' cannot be used as a JSX component.
  Its type 'typeof View' is not a valid JSX element type.
    Type 'typeof View' is not assignable to type 'new (props: any, context: any) => Component<any, any, any>'.
      Type 'View' is missing the following properties from type 'Component<any, any, any>': context, setState, forceUpdate, render, and 2 more.
app/(auth)/login.tsx(69,19): error TS2607: JSX element class does not support attributes because it does not have a 'props' property.
app/(auth)/login.tsx(69,20): error TS2786: 'Text' cannot be used as a JSX component.
  Its type 'typeof Text' is not a valid JSX element type.
    Type 'typeof Text' is not assignable to type 'new (props: any, context: any) => Component<any, any, any>'.
      Type 'Text' is missing the following properties from type 'Component<any, any, any>': context, setState, forceUpdate, render, and 2 more.
app/(auth)/login.tsx(71,17): error TS2607: JSX element class does not support attributes because it does not have a 'props' property.
app/(auth)/login.tsx(71,18): error TS2786: 'TextInput' cannot be used as a JSX component.
  Its type 'typeof TextInput' is not a valid JSX element type.
    Type 'typeof TextInput' is not assignable to type 'new (props: any, context: any) => Component<any, any, any>'.
      Type 'TextInput' is missing the following properties from type 'Component<any, any, any>': context, setState, forceUpdate, render, and 2 more.
app/(auth)/login.tsx(83,13): error TS2607: JSX element class does not support attributes because it does not have a 'props' property.
app/(auth)/login.tsx(83,14): error TS2786: 'View' cannot be used as a JSX component.
  Its type 'typeof View' is not a valid JSX element type.
    Type 'typeof View' is not assignable to type 'new (props: any, context: any) => Component<any, any, any>'.
      Type 'View' is missing the following properties from type 'Component<any, any, any>': context, setState, forceUpdate, render, and 2 more.
app/(auth)/login.tsx(107,11): error TS2607: JSX element class does not support attributes because it does not have a 'props' property.
app/(auth)/login.tsx(107,12): error TS2786: 'View' cannot be used as a JSX component.
  Its type 'typeof View' is not a valid JSX element type.
    Type 'typeof View' is not assignable to type 'new (props: any, context: any) => Component<any, any, any>'.
      Type 'View' is missing the following properties from type 'Component<any, any, any>': context, setState, forceUpdate, render, and 2 more.
app/(auth)/login.tsx(108,13): error TS2607: JSX element class does not support attributes because it does not have a 'props' property.
app/(auth)/login.tsx(108,14): error TS2786: 'Text' cannot be used as a JSX component.
  Its type 'typeof Text' is not a valid JSX element type.
    Type 'typeof Text' is not assignable to type 'new (props: any, context: any) => Component<any, any, any>'.
      Type 'Text' is missing the following properties from type 'Component<any, any, any>': context, setState, forceUpdate, render, and 2 more.
app/(auth)/onboarding.tsx(3,10): error TS2305: Module '"expo-router"' has no exported member 'useRouter'.
app/(auth)/onboarding.tsx(69,5): error TS2607: JSX element class does not support attributes because it does not have a 'props' property.
app/(auth)/onboarding.tsx(69,6): error TS2786: 'SafeAreaView' cannot be used as a JSX component.
  Its type 'typeof SafeAreaView' is not a valid JSX element type.
    Type 'typeof SafeAreaView' is not assignable to type 'new (props: any, context: any) => Component<any, any, any>'.
      Type 'SafeAreaView' is missing the following properties from type 'Component<any, any, any>': context, setState, forceUpdate, render, and 2 more.
app/(auth)/onboarding.tsx(71,7): error TS2607: JSX element class does not support attributes because it does not have a 'props' property.
app/(auth)/onboarding.tsx(71,8): error TS2786: 'View' cannot be used as a JSX component.
  Its type 'typeof View' is not a valid JSX element type.
    Type 'typeof View' is not assignable to type 'new (props: any, context: any) => Component<any, any, any>'.
      Type 'View' is missing the following properties from type 'Component<any, any, any>': context, setState, forceUpdate, render, and 2 more.
app/(auth)/onboarding.tsx(72,9): error TS2607: JSX element class does not support attributes because it does not have a 'props' property.
app/(auth)/onboarding.tsx(72,10): error TS2786: 'Text' cannot be used as a JSX component.
  Its type 'typeof Text' is not a valid JSX element type.
    Type 'typeof Text' is not assignable to type 'new (props: any, context: any) => Component<any, any, any>'.
      Type 'Text' is missing the following properties from type 'Component<any, any, any>': context, setState, forceUpdate, render, and 2 more.
app/(auth)/onboarding.tsx(94,11): error TS2607: JSX element class does not support attributes because it does not have a 'props' property.
app/(auth)/onboarding.tsx(94,12): error TS2786: 'View' cannot be used as a JSX component.
  Its type 'typeof View' is not a valid JSX element type.
    Type 'typeof View' is not assignable to type 'new (props: any, context: any) => Component<any, any, any>'.
      Type 'View' is missing the following properties from type 'Component<any, any, any>': context, setState, forceUpdate, render, and 2 more.
app/(auth)/onboarding.tsx(99,13): error TS2607: JSX element class does not support attributes because it does not have a 'props' property.
app/(auth)/onboarding.tsx(99,14): error TS2786: 'View' cannot be used as a JSX component.
  Its type 'typeof View' is not a valid JSX element type.
    Type 'typeof View' is not assignable to type 'new (props: any, context: any) => Component<any, any, any>'.
      Type 'View' is missing the following properties from type 'Component<any, any, any>': context, setState, forceUpdate, render, and 2 more.
app/(auth)/onboarding.tsx(100,15): error TS2607: JSX element class does not support attributes because it does not have a 'props' property.
app/(auth)/onboarding.tsx(100,16): error TS2786: 'View' cannot be used as a JSX component.
  Its type 'typeof View' is not a valid JSX element type.
    Type 'typeof View' is not assignable to type 'new (props: any, context: any) => Component<any, any, any>'.
      Type 'View' is missing the following properties from type 'Component<any, any, any>': context, setState, forceUpdate, render, and 2 more.
app/(auth)/onboarding.tsx(104,13): error TS2607: JSX element class does not support attributes because it does not have a 'props' property.
app/(auth)/onboarding.tsx(104,14): error TS2786: 'View' cannot be used as a JSX component.
  Its type 'typeof View' is not a valid JSX element type.
    Type 'typeof View' is not assignable to type 'new (props: any, context: any) => Component<any, any, any>'.
      Type 'View' is missing the following properties from type 'Component<any, any, any>': context, setState, forceUpdate, render, and 2 more.
app/(auth)/onboarding.tsx(105,15): error TS2607: JSX element class does not support attributes because it does not have a 'props' property.
app/(auth)/onboarding.tsx(105,16): error TS2786: 'Text' cannot be used as a JSX component.
  Its type 'typeof Text' is not a valid JSX element type.
    Type 'typeof Text' is not assignable to type 'new (props: any, context: any) => Component<any, any, any>'.
      Type 'Text' is missing the following properties from type 'Component<any, any, any>': context, setState, forceUpdate, render, and 2 more.
app/(auth)/onboarding.tsx(108,15): error TS2607: JSX element class does not support attributes because it does not have a 'props' property.
app/(auth)/onboarding.tsx(108,16): error TS2786: 'Text' cannot be used as a JSX component.
  Its type 'typeof Text' is not a valid JSX element type.
    Type 'typeof Text' is not assignable to type 'new (props: any, context: any) => Component<any, any, any>'.
      Type 'Text' is missing the following properties from type 'Component<any, any, any>': context, setState, forceUpdate, render, and 2 more.
app/(auth)/onboarding.tsx(117,7): error TS2607: JSX element class does not support attributes because it does not have a 'props' property.
app/(auth)/onboarding.tsx(117,8): error TS2786: 'View' cannot be used as a JSX component.
  Its type 'typeof View' is not a valid JSX element type.
    Type 'typeof View' is not assignable to type 'new (props: any, context: any) => Component<any, any, any>'.
      Type 'View' is missing the following properties from type 'Component<any, any, any>': context, setState, forceUpdate, render, and 2 more.
app/(auth)/onboarding.tsx(119,9): error TS2607: JSX element class does not support attributes because it does not have a 'props' property.
app/(auth)/onboarding.tsx(119,10): error TS2786: 'View' cannot be used as a JSX component.
  Its type 'typeof View' is not a valid JSX element type.
    Type 'typeof View' is not assignable to type 'new (props: any, context: any) => Component<any, any, any>'.
      Type 'View' is missing the following properties from type 'Component<any, any, any>': context, setState, forceUpdate, render, and 2 more.
app/(auth)/onboarding.tsx(123,15): error TS2607: JSX element class does not support attributes because it does not have a 'props' property.
app/(auth)/onboarding.tsx(123,16): error TS2786: 'View' cannot be used as a JSX component.
  Its type 'typeof View' is not a valid JSX element type.
    Type 'typeof View' is not assignable to type 'new (props: any, context: any) => Component<any, any, any>'.
      Type 'View' is missing the following properties from type 'Component<any, any, any>': context, setState, forceUpdate, render, and 2 more.
app/(auth)/onboarding.tsx(125,28): error TS2304: Cannot find name 'clsx'.
app/(auth)/sign-up.tsx(12,10): error TS2305: Module '"expo-router"' has no exported member 'useRouter'.
app/(auth)/sign-up.tsx(12,21): error TS2305: Module '"expo-router"' has no exported member 'useLocalSearchParams'.
app/(auth)/sign-up.tsx(39,5): error TS2607: JSX element class does not support attributes because it does not have a 'props' property.
app/(auth)/sign-up.tsx(39,6): error TS2786: 'SafeAreaView' cannot be used as a JSX component.
  Its type 'typeof SafeAreaView' is not a valid JSX element type.
    Type 'typeof SafeAreaView' is not assignable to type 'new (props: any, context: any) => Component<any, any, any>'.
      Type 'SafeAreaView' is missing the following properties from type 'Component<any, any, any>': context, setState, forceUpdate, render, and 2 more.
app/(auth)/sign-up.tsx(40,7): error TS2607: JSX element class does not support attributes because it does not have a 'props' property.
app/(auth)/sign-up.tsx(40,8): error TS2786: 'KeyboardAvoidingView' cannot be used as a JSX component.
  Its type 'typeof KeyboardAvoidingView' is not a valid JSX element type.
    Type 'typeof KeyboardAvoidingView' is not assignable to type 'new (props: any, context: any) => Component<any, any, any>'.
      Type 'KeyboardAvoidingView' is missing the following properties from type 'Component<any, any, any>': context, setState, forceUpdate, render, and 2 more.
app/(auth)/sign-up.tsx(44,9): error TS2607: JSX element class does not support attributes because it does not have a 'props' property.
app/(auth)/sign-up.tsx(44,10): error TS2786: 'ScrollView' cannot be used as a JSX component.
  Its type 'typeof ScrollView' is not a valid JSX element type.
    Type 'typeof ScrollView' is not assignable to type 'new (props: any, context: any) => Component<any, any, any>'.
      Type 'ScrollView' is missing the following properties from type 'Component<any, any, any>': context, setState, forceUpdate, render, and 2 more.
app/(auth)/sign-up.tsx(52,11): error TS2607: JSX element class does not support attributes because it does not have a 'props' property.
app/(auth)/sign-up.tsx(52,12): error TS2786: 'View' cannot be used as a JSX component.
  Its type 'typeof View' is not a valid JSX element type.
    Type 'typeof View' is not assignable to type 'new (props: any, context: any) => Component<any, any, any>'.
      Type 'View' is missing the following properties from type 'Component<any, any, any>': context, setState, forceUpdate, render, and 2 more.
app/(auth)/sign-up.tsx(53,13): error TS2607: JSX element class does not support attributes because it does not have a 'props' property.
app/(auth)/sign-up.tsx(53,14): error TS2786: 'Text' cannot be used as a JSX component.
  Its type 'typeof Text' is not a valid JSX element type.
    Type 'typeof Text' is not assignable to type 'new (props: any, context: any) => Component<any, any, any>'.
      Type 'Text' is missing the following properties from type 'Component<any, any, any>': context, setState, forceUpdate, render, and 2 more.
app/(auth)/sign-up.tsx(56,13): error TS2607: JSX element class does not support attributes because it does not have a 'props' property.
app/(auth)/sign-up.tsx(56,14): error TS2786: 'Text' cannot be used as a JSX component.
  Its type 'typeof Text' is not a valid JSX element type.
    Type 'typeof Text' is not assignable to type 'new (props: any, context: any) => Component<any, any, any>'.
      Type 'Text' is missing the following properties from type 'Component<any, any, any>': context, setState, forceUpdate, render, and 2 more.
app/(auth)/sign-up.tsx(61,11): error TS2607: JSX element class does not support attributes because it does not have a 'props' property.
app/(auth)/sign-up.tsx(61,12): error TS2786: 'View' cannot be used as a JSX component.
  Its type 'typeof View' is not a valid JSX element type.
    Type 'typeof View' is not assignable to type 'new (props: any, context: any) => Component<any, any, any>'.
      Type 'View' is missing the following properties from type 'Component<any, any, any>': context, setState, forceUpdate, render, and 2 more.
app/(auth)/sign-up.tsx(63,13): error TS2607: JSX element class does not support attributes because it does not have a 'props' property.
app/(auth)/sign-up.tsx(63,14): error TS2786: 'View' cannot be used as a JSX component.
  Its type 'typeof View' is not a valid JSX element type.
    Type 'typeof View' is not assignable to type 'new (props: any, context: any) => Component<any, any, any>'.
      Type 'View' is missing the following properties from type 'Component<any, any, any>': context, setState, forceUpdate, render, and 2 more.
app/(auth)/sign-up.tsx(64,15): error TS2607: JSX element class does not support attributes because it does not have a 'props' property.
app/(auth)/sign-up.tsx(64,16): error TS2786: 'Text' cannot be used as a JSX component.
  Its type 'typeof Text' is not a valid JSX element type.
    Type 'typeof Text' is not assignable to type 'new (props: any, context: any) => Component<any, any, any>'.
      Type 'Text' is missing the following properties from type 'Component<any, any, any>': context, setState, forceUpdate, render, and 2 more.
app/(auth)/sign-up.tsx(65,15): error TS2607: JSX element class does not support attributes because it does not have a 'props' property.
app/(auth)/sign-up.tsx(65,16): error TS2786: 'View' cannot be used as a JSX component.
  Its type 'typeof View' is not a valid JSX element type.
    Type 'typeof View' is not assignable to type 'new (props: any, context: any) => Component<any, any, any>'.
      Type 'View' is missing the following properties from type 'Component<any, any, any>': context, setState, forceUpdate, render, and 2 more.
app/(auth)/sign-up.tsx(67,17): error TS2607: JSX element class does not support attributes because it does not have a 'props' property.
app/(auth)/sign-up.tsx(67,18): error TS2786: 'TextInput' cannot be used as a JSX component.
  Its type 'typeof TextInput' is not a valid JSX element type.
    Type 'typeof TextInput' is not assignable to type 'new (props: any, context: any) => Component<any, any, any>'.
      Type 'TextInput' is missing the following properties from type 'Component<any, any, any>': context, setState, forceUpdate, render, and 2 more.
app/(auth)/sign-up.tsx(76,13): error TS2607: JSX element class does not support attributes because it does not have a 'props' property.
app/(auth)/sign-up.tsx(76,14): error TS2786: 'View' cannot be used as a JSX component.
  Its type 'typeof View' is not a valid JSX element type.
    Type 'typeof View' is not assignable to type 'new (props: any, context: any) => Component<any, any, any>'.
      Type 'View' is missing the following properties from type 'Component<any, any, any>': context, setState, forceUpdate, render, and 2 more.
app/(auth)/sign-up.tsx(77,15): error TS2607: JSX element class does not support attributes because it does not have a 'props' property.
app/(auth)/sign-up.tsx(77,16): error TS2786: 'Text' cannot be used as a JSX component.
  Its type 'typeof Text' is not a valid JSX element type.
    Type 'typeof Text' is not assignable to type 'new (props: any, context: any) => Component<any, any, any>'.
      Type 'Text' is missing the following properties from type 'Component<any, any, any>': context, setState, forceUpdate, render, and 2 more.
app/(auth)/sign-up.tsx(80,15): error TS2607: JSX element class does not support attributes because it does not have a 'props' property.
app/(auth)/sign-up.tsx(80,16): error TS2786: 'View' cannot be used as a JSX component.
  Its type 'typeof View' is not a valid JSX element type.
    Type 'typeof View' is not assignable to type 'new (props: any, context: any) => Component<any, any, any>'.
      Type 'View' is missing the following properties from type 'Component<any, any, any>': context, setState, forceUpdate, render, and 2 more.
app/(auth)/sign-up.tsx(82,17): error TS2607: JSX element class does not support attributes because it does not have a 'props' property.
app/(auth)/sign-up.tsx(82,18): error TS2786: 'TextInput' cannot be used as a JSX component.
  Its type 'typeof TextInput' is not a valid JSX element type.
    Type 'typeof TextInput' is not assignable to type 'new (props: any, context: any) => Component<any, any, any>'.
      Type 'TextInput' is missing the following properties from type 'Component<any, any, any>': context, setState, forceUpdate, render, and 2 more.
app/(auth)/sign-up.tsx(93,13): error TS2607: JSX element class does not support attributes because it does not have a 'props' property.
app/(auth)/sign-up.tsx(93,14): error TS2786: 'View' cannot be used as a JSX component.
  Its type 'typeof View' is not a valid JSX element type.
    Type 'typeof View' is not assignable to type 'new (props: any, context: any) => Component<any, any, any>'.
      Type 'View' is missing the following properties from type 'Component<any, any, any>': context, setState, forceUpdate, render, and 2 more.
app/(auth)/sign-up.tsx(94,15): error TS2607: JSX element class does not support attributes because it does not have a 'props' property.
app/(auth)/sign-up.tsx(94,16): error TS2786: 'Text' cannot be used as a JSX component.
  Its type 'typeof Text' is not a valid JSX element type.
    Type 'typeof Text' is not assignable to type 'new (props: any, context: any) => Component<any, any, any>'.
      Type 'Text' is missing the following properties from type 'Component<any, any, any>': context, setState, forceUpdate, render, and 2 more.
app/(auth)/sign-up.tsx(97,15): error TS2607: JSX element class does not support attributes because it does not have a 'props' property.
app/(auth)/sign-up.tsx(97,16): error TS2786: 'View' cannot be used as a JSX component.
  Its type 'typeof View' is not a valid JSX element type.
    Type 'typeof View' is not assignable to type 'new (props: any, context: any) => Component<any, any, any>'.
      Type 'View' is missing the following properties from type 'Component<any, any, any>': context, setState, forceUpdate, render, and 2 more.
app/(auth)/sign-up.tsx(99,17): error TS2607: JSX element class does not support attributes because it does not have a 'props' property.
app/(auth)/sign-up.tsx(99,18): error TS2786: 'TextInput' cannot be used as a JSX component.
  Its type 'typeof TextInput' is not a valid JSX element type.
    Type 'typeof TextInput' is not assignable to type 'new (props: any, context: any) => Component<any, any, any>'.
      Type 'TextInput' is missing the following properties from type 'Component<any, any, any>': context, setState, forceUpdate, render, and 2 more.
app/(auth)/sign-up.tsx(109,13): error TS2607: JSX element class does not support attributes because it does not have a 'props' property.
app/(auth)/sign-up.tsx(109,14): error TS2786: 'View' cannot be used as a JSX component.
  Its type 'typeof View' is not a valid JSX element type.
    Type 'typeof View' is not assignable to type 'new (props: any, context: any) => Component<any, any, any>'.
      Type 'View' is missing the following properties from type 'Component<any, any, any>': context, setState, forceUpdate, render, and 2 more.
app/(auth)/sign-up.tsx(110,15): error TS2607: JSX element class does not support attributes because it does not have a 'props' property.
app/(auth)/sign-up.tsx(110,16): error TS2786: 'Text' cannot be used as a JSX component.
  Its type 'typeof Text' is not a valid JSX element type.
    Type 'typeof Text' is not assignable to type 'new (props: any, context: any) => Component<any, any, any>'.
      Type 'Text' is missing the following properties from type 'Component<any, any, any>': context, setState, forceUpdate, render, and 2 more.
app/(auth)/sign-up.tsx(111,15): error TS2607: JSX element class does not support attributes because it does not have a 'props' property.
app/(auth)/sign-up.tsx(111,16): error TS2786: 'View' cannot be used as a JSX component.
  Its type 'typeof View' is not a valid JSX element type.
    Type 'typeof View' is not assignable to type 'new (props: any, context: any) => Component<any, any, any>'.
      Type 'View' is missing the following properties from type 'Component<any, any, any>': context, setState, forceUpdate, render, and 2 more.
app/(auth)/sign-up.tsx(113,17): error TS2607: JSX element class does not support attributes because it does not have a 'props' property.
app/(auth)/sign-up.tsx(113,18): error TS2786: 'TextInput' cannot be used as a JSX component.
  Its type 'typeof TextInput' is not a valid JSX element type.
    Type 'typeof TextInput' is not assignable to type 'new (props: any, context: any) => Component<any, any, any>'.
      Type 'TextInput' is missing the following properties from type 'Component<any, any, any>': context, setState, forceUpdate, render, and 2 more.
app/(auth)/sign-up.tsx(140,11): error TS2607: JSX element class does not support attributes because it does not have a 'props' property.
app/(auth)/sign-up.tsx(140,12): error TS2786: 'View' cannot be used as a JSX component.
  Its type 'typeof View' is not a valid JSX element type.
    Type 'typeof View' is not assignable to type 'new (props: any, context: any) => Component<any, any, any>'.
      Type 'View' is missing the following properties from type 'Component<any, any, any>': context, setState, forceUpdate, render, and 2 more.
app/(auth)/sign-up.tsx(141,13): error TS2607: JSX element class does not support attributes because it does not have a 'props' property.
app/(auth)/sign-up.tsx(141,14): error TS2786: 'View' cannot be used as a JSX component.
  Its type 'typeof View' is not a valid JSX element type.
    Type 'typeof View' is not assignable to type 'new (props: any, context: any) => Component<any, any, any>'.
      Type 'View' is missing the following properties from type 'Component<any, any, any>': context, setState, forceUpdate, render, and 2 more.
app/(auth)/sign-up.tsx(142,15): error TS2607: JSX element class does not support attributes because it does not have a 'props' property.
app/(auth)/sign-up.tsx(142,16): error TS2786: 'Text' cannot be used as a JSX component.
  Its type 'typeof Text' is not a valid JSX element type.
    Type 'typeof Text' is not assignable to type 'new (props: any, context: any) => Component<any, any, any>'.
      Type 'Text' is missing the following properties from type 'Component<any, any, any>': context, setState, forceUpdate, render, and 2 more.
app/(auth)/sign-up.tsx(144,17): error TS2607: JSX element class does not support attributes because it does not have a 'props' property.
app/(auth)/sign-up.tsx(144,18): error TS2786: 'Text' cannot be used as a JSX component.
  Its type 'typeof Text' is not a valid JSX element type.
    Type 'typeof Text' is not assignable to type 'new (props: any, context: any) => Component<any, any, any>'.
      Type 'Text' is missing the following properties from type 'Component<any, any, any>': context, setState, forceUpdate, render, and 2 more.
app/(auth)/verify-otp.tsx(11,10): error TS2305: Module '"expo-router"' has no exported member 'useRouter'.
app/(auth)/verify-otp.tsx(11,21): error TS2305: Module '"expo-router"' has no exported member 'useLocalSearchParams'.
app/(auth)/verify-otp.tsx(39,5): error TS2607: JSX element class does not support attributes because it does not have a 'props' property.
app/(auth)/verify-otp.tsx(39,6): error TS2786: 'SafeAreaView' cannot be used as a JSX component.
  Its type 'typeof SafeAreaView' is not a valid JSX element type.
    Type 'typeof SafeAreaView' is not assignable to type 'new (props: any, context: any) => Component<any, any, any>'.
      Type 'SafeAreaView' is missing the following properties from type 'Component<any, any, any>': context, setState, forceUpdate, render, and 2 more.
app/(auth)/verify-otp.tsx(40,7): error TS2607: JSX element class does not support attributes because it does not have a 'props' property.
app/(auth)/verify-otp.tsx(40,8): error TS2786: 'KeyboardAvoidingView' cannot be used as a JSX component.
  Its type 'typeof KeyboardAvoidingView' is not a valid JSX element type.
    Type 'typeof KeyboardAvoidingView' is not assignable to type 'new (props: any, context: any) => Component<any, any, any>'.
      Type 'KeyboardAvoidingView' is missing the following properties from type 'Component<any, any, any>': context, setState, forceUpdate, render, and 2 more.
app/(auth)/verify-otp.tsx(51,9): error TS2607: JSX element class does not support attributes because it does not have a 'props' property.
app/(auth)/verify-otp.tsx(51,10): error TS2786: 'View' cannot be used as a JSX component.
  Its type 'typeof View' is not a valid JSX element type.
    Type 'typeof View' is not assignable to type 'new (props: any, context: any) => Component<any, any, any>'.
      Type 'View' is missing the following properties from type 'Component<any, any, any>': context, setState, forceUpdate, render, and 2 more.
app/(auth)/verify-otp.tsx(52,11): error TS2607: JSX element class does not support attributes because it does not have a 'props' property.
app/(auth)/verify-otp.tsx(52,12): error TS2786: 'Text' cannot be used as a JSX component.
  Its type 'typeof Text' is not a valid JSX element type.
    Type 'typeof Text' is not assignable to type 'new (props: any, context: any) => Component<any, any, any>'.
      Type 'Text' is missing the following properties from type 'Component<any, any, any>': context, setState, forceUpdate, render, and 2 more.
app/(auth)/verify-otp.tsx(55,11): error TS2607: JSX element class does not support attributes because it does not have a 'props' property.
app/(auth)/verify-otp.tsx(55,12): error TS2786: 'Text' cannot be used as a JSX component.
  Its type 'typeof Text' is not a valid JSX element type.
    Type 'typeof Text' is not assignable to type 'new (props: any, context: any) => Component<any, any, any>'.
      Type 'Text' is missing the following properties from type 'Component<any, any, any>': context, setState, forceUpdate, render, and 2 more.
app/(auth)/verify-otp.tsx(60,9): error TS2607: JSX element class does not support attributes because it does not have a 'props' property.
app/(auth)/verify-otp.tsx(60,10): error TS2786: 'View' cannot be used as a JSX component.
  Its type 'typeof View' is not a valid JSX element type.
    Type 'typeof View' is not assignable to type 'new (props: any, context: any) => Component<any, any, any>'.
      Type 'View' is missing the following properties from type 'Component<any, any, any>': context, setState, forceUpdate, render, and 2 more.
app/(auth)/verify-otp.tsx(61,11): error TS2607: JSX element class does not support attributes because it does not have a 'props' property.
app/(auth)/verify-otp.tsx(61,12): error TS2786: 'View' cannot be used as a JSX component.
  Its type 'typeof View' is not a valid JSX element type.
    Type 'typeof View' is not assignable to type 'new (props: any, context: any) => Component<any, any, any>'.
      Type 'View' is missing the following properties from type 'Component<any, any, any>': context, setState, forceUpdate, render, and 2 more.
app/(auth)/verify-otp.tsx(62,13): error TS2607: JSX element class does not support attributes because it does not have a 'props' property.
app/(auth)/verify-otp.tsx(62,14): error TS2786: 'Text' cannot be used as a JSX component.
  Its type 'typeof Text' is not a valid JSX element type.
    Type 'typeof Text' is not assignable to type 'new (props: any, context: any) => Component<any, any, any>'.
      Type 'Text' is missing the following properties from type 'Component<any, any, any>': context, setState, forceUpdate, render, and 2 more.
app/(auth)/verify-otp.tsx(63,13): error TS2607: JSX element class does not support attributes because it does not have a 'props' property.
app/(auth)/verify-otp.tsx(63,14): error TS2786: 'TextInput' cannot be used as a JSX component.
  Its type 'typeof TextInput' is not a valid JSX element type.
    Type 'typeof TextInput' is not assignable to type 'new (props: any, context: any) => Component<any, any, any>'.
      Type 'TextInput' is missing the following properties from type 'Component<any, any, any>': context, setState, forceUpdate, render, and 2 more.
app/(auth)/verify-otp.tsx(85,11): error TS2607: JSX element class does not support attributes because it does not have a 'props' property.
app/(auth)/verify-otp.tsx(85,12): error TS2786: 'Text' cannot be used as a JSX component.
  Its type 'typeof Text' is not a valid JSX element type.
    Type 'typeof Text' is not assignable to type 'new (props: any, context: any) => Component<any, any, any>'.
      Type 'Text' is missing the following properties from type 'Component<any, any, any>': context, setState, forceUpdate, render, and 2 more.
app/(auth)/welcome.tsx(3,10): error TS2305: Module '"expo-router"' has no exported member 'useRouter'.
app/(auth)/welcome.tsx(5,17): error TS2724: '"lucide-react-native"' has no exported member named 'user'. Did you mean 'User'?
app/(auth)/welcome.tsx(11,5): error TS2607: JSX element class does not support attributes because it does not have a 'props' property.
app/(auth)/welcome.tsx(11,6): error TS2786: 'SafeAreaView' cannot be used as a JSX component.
  Its type 'typeof SafeAreaView' is not a valid JSX element type.
    Type 'typeof SafeAreaView' is not assignable to type 'new (props: any, context: any) => Component<any, any, any>'.
      Type 'SafeAreaView' is missing the following properties from type 'Component<any, any, any>': context, setState, forceUpdate, render, and 2 more.
app/(auth)/welcome.tsx(12,7): error TS2607: JSX element class does not support attributes because it does not have a 'props' property.
app/(auth)/welcome.tsx(12,8): error TS2786: 'View' cannot be used as a JSX component.
  Its type 'typeof View' is not a valid JSX element type.
    Type 'typeof View' is not assignable to type 'new (props: any, context: any) => Component<any, any, any>'.
      Type 'View' is missing the following properties from type 'Component<any, any, any>': context, setState, forceUpdate, render, and 2 more.
app/(auth)/welcome.tsx(13,9): error TS2607: JSX element class does not support attributes because it does not have a 'props' property.
app/(auth)/welcome.tsx(13,10): error TS2786: 'View' cannot be used as a JSX component.
  Its type 'typeof View' is not a valid JSX element type.
    Type 'typeof View' is not assignable to type 'new (props: any, context: any) => Component<any, any, any>'.
      Type 'View' is missing the following properties from type 'Component<any, any, any>': context, setState, forceUpdate, render, and 2 more.
app/(auth)/welcome.tsx(14,11): error TS2607: JSX element class does not support attributes because it does not have a 'props' property.
app/(auth)/welcome.tsx(14,12): error TS2786: 'View' cannot be used as a JSX component.
  Its type 'typeof View' is not a valid JSX element type.
    Type 'typeof View' is not assignable to type 'new (props: any, context: any) => Component<any, any, any>'.
      Type 'View' is missing the following properties from type 'Component<any, any, any>': context, setState, forceUpdate, render, and 2 more.
app/(auth)/welcome.tsx(15,13): error TS2607: JSX element class does not support attributes because it does not have a 'props' property.
app/(auth)/welcome.tsx(15,14): error TS2786: 'Text' cannot be used as a JSX component.
  Its type 'typeof Text' is not a valid JSX element type.
    Type 'typeof Text' is not assignable to type 'new (props: any, context: any) => Component<any, any, any>'.
      Type 'Text' is missing the following properties from type 'Component<any, any, any>': context, setState, forceUpdate, render, and 2 more.
app/(auth)/welcome.tsx(17,11): error TS2607: JSX element class does not support attributes because it does not have a 'props' property.
app/(auth)/welcome.tsx(17,12): error TS2786: 'Text' cannot be used as a JSX component.
  Its type 'typeof Text' is not a valid JSX element type.
    Type 'typeof Text' is not assignable to type 'new (props: any, context: any) => Component<any, any, any>'.
      Type 'Text' is missing the following properties from type 'Component<any, any, any>': context, setState, forceUpdate, render, and 2 more.
app/(auth)/welcome.tsx(20,11): error TS2607: JSX element class does not support attributes because it does not have a 'props' property.
app/(auth)/welcome.tsx(20,12): error TS2786: 'Text' cannot be used as a JSX component.
  Its type 'typeof Text' is not a valid JSX element type.
    Type 'typeof Text' is not assignable to type 'new (props: any, context: any) => Component<any, any, any>'.
      Type 'Text' is missing the following properties from type 'Component<any, any, any>': context, setState, forceUpdate, render, and 2 more.
app/(auth)/welcome.tsx(25,9): error TS2607: JSX element class does not support attributes because it does not have a 'props' property.
app/(auth)/welcome.tsx(25,10): error TS2786: 'View' cannot be used as a JSX component.
  Its type 'typeof View' is not a valid JSX element type.
    Type 'typeof View' is not assignable to type 'new (props: any, context: any) => Component<any, any, any>'.
      Type 'View' is missing the following properties from type 'Component<any, any, any>': context, setState, forceUpdate, render, and 2 more.
app/(auth)/welcome.tsx(55,15): error TS2607: JSX element class does not support attributes because it does not have a 'props' property.
app/(auth)/welcome.tsx(55,16): error TS2786: 'View' cannot be used as a JSX component.
  Its type 'typeof View' is not a valid JSX element type.
    Type 'typeof View' is not assignable to type 'new (props: any, context: any) => Component<any, any, any>'.
      Type 'View' is missing the following properties from type 'Component<any, any, any>': context, setState, forceUpdate, render, and 2 more.
app/(auth)/welcome.tsx(56,17): error TS2607: JSX element class does not support attributes because it does not have a 'props' property.
app/(auth)/welcome.tsx(56,18): error TS2786: 'View' cannot be used as a JSX component.
  Its type 'typeof View' is not a valid JSX element type.
    Type 'typeof View' is not assignable to type 'new (props: any, context: any) => Component<any, any, any>'.
      Type 'View' is missing the following properties from type 'Component<any, any, any>': context, setState, forceUpdate, render, and 2 more.
app/(auth)/welcome.tsx(63,7): error TS2607: JSX element class does not support attributes because it does not have a 'props' property.
app/(auth)/welcome.tsx(63,8): error TS2786: 'View' cannot be used as a JSX component.
  Its type 'typeof View' is not a valid JSX element type.
    Type 'typeof View' is not assignable to type 'new (props: any, context: any) => Component<any, any, any>'.
      Type 'View' is missing the following properties from type 'Component<any, any, any>': context, setState, forceUpdate, render, and 2 more.
app/(auth)/welcome.tsx(64,9): error TS2607: JSX element class does not support attributes because it does not have a 'props' property.
app/(auth)/welcome.tsx(64,10): error TS2786: 'Text' cannot be used as a JSX component.
  Its type 'typeof Text' is not a valid JSX element type.
    Type 'typeof Text' is not assignable to type 'new (props: any, context: any) => Component<any, any, any>'.
      Type 'Text' is missing the following properties from type 'Component<any, any, any>': context, setState, forceUpdate, render, and 2 more.
app/(tabs)/_layout.tsx(24,26): error TS7031: Binding element 'color' implicitly has an 'any' type.
app/(tabs)/_layout.tsx(33,26): error TS7031: Binding element 'color' implicitly has an 'any' type.
app/(tabs)/index.tsx(31,5): error TS2607: JSX element class does not support attributes because it does not have a 'props' property.
app/(tabs)/index.tsx(31,6): error TS2786: 'SafeAreaView' cannot be used as a JSX component.
  Its type 'typeof SafeAreaView' is not a valid JSX element type.
    Type 'typeof SafeAreaView' is not assignable to type 'new (props: any, context: any) => Component<any, any, any>'.
      Type 'SafeAreaView' is missing the following properties from type 'Component<any, any, any>': context, setState, forceUpdate, render, and 2 more.
app/(tabs)/index.tsx(32,7): error TS2607: JSX element class does not support attributes because it does not have a 'props' property.
app/(tabs)/index.tsx(32,8): error TS2786: 'ScrollView' cannot be used as a JSX component.
  Its type 'typeof ScrollView' is not a valid JSX element type.
    Type 'typeof ScrollView' is not assignable to type 'new (props: any, context: any) => Component<any, any, any>'.
      Type 'ScrollView' is missing the following properties from type 'Component<any, any, any>': context, setState, forceUpdate, render, and 2 more.
app/(tabs)/index.tsx(34,9): error TS2607: JSX element class does not support attributes because it does not have a 'props' property.
app/(tabs)/index.tsx(34,10): error TS2786: 'View' cannot be used as a JSX component.
  Its type 'typeof View' is not a valid JSX element type.
    Type 'typeof View' is not assignable to type 'new (props: any, context: any) => Component<any, any, any>'.
      Type 'View' is missing the following properties from type 'Component<any, any, any>': context, setState, forceUpdate, render, and 2 more.
app/(tabs)/index.tsx(35,11): error TS2607: JSX element class does not support attributes because it does not have a 'props' property.
app/(tabs)/index.tsx(35,12): error TS2786: 'Text' cannot be used as a JSX component.
  Its type 'typeof Text' is not a valid JSX element type.
    Type 'typeof Text' is not assignable to type 'new (props: any, context: any) => Component<any, any, any>'.
      Type 'Text' is missing the following properties from type 'Component<any, any, any>': context, setState, forceUpdate, render, and 2 more.
app/(tabs)/index.tsx(36,11): error TS2607: JSX element class does not support attributes because it does not have a 'props' property.
app/(tabs)/index.tsx(36,12): error TS2786: 'View' cannot be used as a JSX component.
  Its type 'typeof View' is not a valid JSX element type.
    Type 'typeof View' is not assignable to type 'new (props: any, context: any) => Component<any, any, any>'.
      Type 'View' is missing the following properties from type 'Component<any, any, any>': context, setState, forceUpdate, render, and 2 more.
app/(tabs)/index.tsx(37,13): error TS2607: JSX element class does not support attributes because it does not have a 'props' property.
app/(tabs)/index.tsx(37,14): error TS2786: 'Text' cannot be used as a JSX component.
  Its type 'typeof Text' is not a valid JSX element type.
    Type 'typeof Text' is not assignable to type 'new (props: any, context: any) => Component<any, any, any>'.
      Type 'Text' is missing the following properties from type 'Component<any, any, any>': context, setState, forceUpdate, render, and 2 more.
app/(tabs)/index.tsx(40,13): error TS2607: JSX element class does not support attributes because it does not have a 'props' property.
app/(tabs)/index.tsx(40,14): error TS2786: 'Switch' cannot be used as a JSX component.
  Its type 'typeof Switch' is not a valid JSX element type.
    Type 'typeof Switch' is not assignable to type 'new (props: any, context: any) => Component<any, any, any>'.
      Type 'Switch' is missing the following properties from type 'Component<any, any, any>': context, setState, forceUpdate, render, and 2 more.
app/(tabs)/index.tsx(54,11): error TS2607: JSX element class does not support attributes because it does not have a 'props' property.
app/(tabs)/index.tsx(54,12): error TS2786: 'View' cannot be used as a JSX component.
  Its type 'typeof View' is not a valid JSX element type.
    Type 'typeof View' is not assignable to type 'new (props: any, context: any) => Component<any, any, any>'.
      Type 'View' is missing the following properties from type 'Component<any, any, any>': context, setState, forceUpdate, render, and 2 more.
app/(tabs)/index.tsx(56,13): error TS2607: JSX element class does not support attributes because it does not have a 'props' property.
app/(tabs)/index.tsx(56,14): error TS2786: 'View' cannot be used as a JSX component.
  Its type 'typeof View' is not a valid JSX element type.
    Type 'typeof View' is not assignable to type 'new (props: any, context: any) => Component<any, any, any>'.
      Type 'View' is missing the following properties from type 'Component<any, any, any>': context, setState, forceUpdate, render, and 2 more.
app/(tabs)/index.tsx(57,15): error TS2607: JSX element class does not support attributes because it does not have a 'props' property.
app/(tabs)/index.tsx(57,16): error TS2786: 'View' cannot be used as a JSX component.
  Its type 'typeof View' is not a valid JSX element type.
    Type 'typeof View' is not assignable to type 'new (props: any, context: any) => Component<any, any, any>'.
      Type 'View' is missing the following properties from type 'Component<any, any, any>': context, setState, forceUpdate, render, and 2 more.
app/(tabs)/index.tsx(59,17): error TS2607: JSX element class does not support attributes because it does not have a 'props' property.
app/(tabs)/index.tsx(59,18): error TS2786: 'Text' cannot be used as a JSX component.
  Its type 'typeof Text' is not a valid JSX element type.
    Type 'typeof Text' is not assignable to type 'new (props: any, context: any) => Component<any, any, any>'.
      Type 'Text' is missing the following properties from type 'Component<any, any, any>': context, setState, forceUpdate, render, and 2 more.
app/(tabs)/index.tsx(66,17): error TS2607: JSX element class does not support attributes because it does not have a 'props' property.
app/(tabs)/index.tsx(66,18): error TS2786: 'Text' cannot be used as a JSX component.
  Its type 'typeof Text' is not a valid JSX element type.
    Type 'typeof Text' is not assignable to type 'new (props: any, context: any) => Component<any, any, any>'.
      Type 'Text' is missing the following properties from type 'Component<any, any, any>': context, setState, forceUpdate, render, and 2 more.
app/(tabs)/index.tsx(73,13): error TS2607: JSX element class does not support attributes because it does not have a 'props' property.
app/(tabs)/index.tsx(73,14): error TS2786: 'View' cannot be used as a JSX component.
  Its type 'typeof View' is not a valid JSX element type.
    Type 'typeof View' is not assignable to type 'new (props: any, context: any) => Component<any, any, any>'.
      Type 'View' is missing the following properties from type 'Component<any, any, any>': context, setState, forceUpdate, render, and 2 more.
app/(tabs)/index.tsx(75,15): error TS2607: JSX element class does not support attributes because it does not have a 'props' property.
app/(tabs)/index.tsx(75,16): error TS2786: 'View' cannot be used as a JSX component.
  Its type 'typeof View' is not a valid JSX element type.
    Type 'typeof View' is not assignable to type 'new (props: any, context: any) => Component<any, any, any>'.
      Type 'View' is missing the following properties from type 'Component<any, any, any>': context, setState, forceUpdate, render, and 2 more.
app/(tabs)/index.tsx(76,17): error TS2607: JSX element class does not support attributes because it does not have a 'props' property.
app/(tabs)/index.tsx(76,18): error TS2786: 'View' cannot be used as a JSX component.
  Its type 'typeof View' is not a valid JSX element type.
    Type 'typeof View' is not assignable to type 'new (props: any, context: any) => Component<any, any, any>'.
      Type 'View' is missing the following properties from type 'Component<any, any, any>': context, setState, forceUpdate, render, and 2 more.
app/(tabs)/index.tsx(79,17): error TS2607: JSX element class does not support attributes because it does not have a 'props' property.
app/(tabs)/index.tsx(79,18): error TS2786: 'View' cannot be used as a JSX component.
  Its type 'typeof View' is not a valid JSX element type.
    Type 'typeof View' is not assignable to type 'new (props: any, context: any) => Component<any, any, any>'.
      Type 'View' is missing the following properties from type 'Component<any, any, any>': context, setState, forceUpdate, render, and 2 more.
app/(tabs)/index.tsx(80,19): error TS2607: JSX element class does not support attributes because it does not have a 'props' property.
app/(tabs)/index.tsx(80,20): error TS2786: 'Text' cannot be used as a JSX component.
  Its type 'typeof Text' is not a valid JSX element type.
    Type 'typeof Text' is not assignable to type 'new (props: any, context: any) => Component<any, any, any>'.
      Type 'Text' is missing the following properties from type 'Component<any, any, any>': context, setState, forceUpdate, render, and 2 more.
app/(tabs)/index.tsx(84,21): error TS2607: JSX element class does not support attributes because it does not have a 'props' property.
app/(tabs)/index.tsx(84,22): error TS2786: 'View' cannot be used as a JSX component.
  Its type 'typeof View' is not a valid JSX element type.
    Type 'typeof View' is not assignable to type 'new (props: any, context: any) => Component<any, any, any>'.
      Type 'View' is missing the following properties from type 'Component<any, any, any>': context, setState, forceUpdate, render, and 2 more.
app/(tabs)/index.tsx(88,21): error TS2607: JSX element class does not support attributes because it does not have a 'props' property.
app/(tabs)/index.tsx(88,22): error TS2786: 'Text' cannot be used as a JSX component.
  Its type 'typeof Text' is not a valid JSX element type.
    Type 'typeof Text' is not assignable to type 'new (props: any, context: any) => Component<any, any, any>'.
      Type 'Text' is missing the following properties from type 'Component<any, any, any>': context, setState, forceUpdate, render, and 2 more.
app/(tabs)/index.tsx(96,15): error TS2607: JSX element class does not support attributes because it does not have a 'props' property.
app/(tabs)/index.tsx(96,16): error TS2786: 'View' cannot be used as a JSX component.
  Its type 'typeof View' is not a valid JSX element type.
    Type 'typeof View' is not assignable to type 'new (props: any, context: any) => Component<any, any, any>'.
      Type 'View' is missing the following properties from type 'Component<any, any, any>': context, setState, forceUpdate, render, and 2 more.
app/(tabs)/index.tsx(99,15): error TS2607: JSX element class does not support attributes because it does not have a 'props' property.
app/(tabs)/index.tsx(99,16): error TS2786: 'View' cannot be used as a JSX component.
  Its type 'typeof View' is not a valid JSX element type.
    Type 'typeof View' is not assignable to type 'new (props: any, context: any) => Component<any, any, any>'.
      Type 'View' is missing the following properties from type 'Component<any, any, any>': context, setState, forceUpdate, render, and 2 more.
app/(tabs)/index.tsx(100,17): error TS2607: JSX element class does not support attributes because it does not have a 'props' property.
app/(tabs)/index.tsx(100,18): error TS2786: 'View' cannot be used as a JSX component.
  Its type 'typeof View' is not a valid JSX element type.
    Type 'typeof View' is not assignable to type 'new (props: any, context: any) => Component<any, any, any>'.
      Type 'View' is missing the following properties from type 'Component<any, any, any>': context, setState, forceUpdate, render, and 2 more.
app/(tabs)/index.tsx(103,17): error TS2607: JSX element class does not support attributes because it does not have a 'props' property.
app/(tabs)/index.tsx(103,18): error TS2786: 'View' cannot be used as a JSX component.
  Its type 'typeof View' is not a valid JSX element type.
    Type 'typeof View' is not assignable to type 'new (props: any, context: any) => Component<any, any, any>'.
      Type 'View' is missing the following properties from type 'Component<any, any, any>': context, setState, forceUpdate, render, and 2 more.
app/(tabs)/index.tsx(104,19): error TS2607: JSX element class does not support attributes because it does not have a 'props' property.
app/(tabs)/index.tsx(104,20): error TS2786: 'Text' cannot be used as a JSX component.
  Its type 'typeof Text' is not a valid JSX element type.
    Type 'typeof Text' is not assignable to type 'new (props: any, context: any) => Component<any, any, any>'.
      Type 'Text' is missing the following properties from type 'Component<any, any, any>': context, setState, forceUpdate, render, and 2 more.
app/(tabs)/index.tsx(108,21): error TS2607: JSX element class does not support attributes because it does not have a 'props' property.
app/(tabs)/index.tsx(108,22): error TS2786: 'View' cannot be used as a JSX component.
  Its type 'typeof View' is not a valid JSX element type.
    Type 'typeof View' is not assignable to type 'new (props: any, context: any) => Component<any, any, any>'.
      Type 'View' is missing the following properties from type 'Component<any, any, any>': context, setState, forceUpdate, render, and 2 more.
app/(tabs)/index.tsx(112,21): error TS2607: JSX element class does not support attributes because it does not have a 'props' property.
app/(tabs)/index.tsx(112,22): error TS2786: 'Text' cannot be used as a JSX component.
  Its type 'typeof Text' is not a valid JSX element type.
    Type 'typeof Text' is not assignable to type 'new (props: any, context: any) => Component<any, any, any>'.
      Type 'Text' is missing the following properties from type 'Component<any, any, any>': context, setState, forceUpdate, render, and 2 more.
app/(tabs)/index.tsx(121,13): error TS2607: JSX element class does not support attributes because it does not have a 'props' property.
app/(tabs)/index.tsx(121,14): error TS2786: 'View' cannot be used as a JSX component.
  Its type 'typeof View' is not a valid JSX element type.
    Type 'typeof View' is not assignable to type 'new (props: any, context: any) => Component<any, any, any>'.
      Type 'View' is missing the following properties from type 'Component<any, any, any>': context, setState, forceUpdate, render, and 2 more.
app/(tabs)/index.tsx(122,15): error TS2607: JSX element class does not support attributes because it does not have a 'props' property.
app/(tabs)/index.tsx(122,16): error TS2786: 'View' cannot be used as a JSX component.
  Its type 'typeof View' is not a valid JSX element type.
    Type 'typeof View' is not assignable to type 'new (props: any, context: any) => Component<any, any, any>'.
      Type 'View' is missing the following properties from type 'Component<any, any, any>': context, setState, forceUpdate, render, and 2 more.
app/(tabs)/index.tsx(123,17): error TS2607: JSX element class does not support attributes because it does not have a 'props' property.
app/(tabs)/index.tsx(123,18): error TS2786: 'View' cannot be used as a JSX component.
  Its type 'typeof View' is not a valid JSX element type.
    Type 'typeof View' is not assignable to type 'new (props: any, context: any) => Component<any, any, any>'.
      Type 'View' is missing the following properties from type 'Component<any, any, any>': context, setState, forceUpdate, render, and 2 more.
app/(tabs)/index.tsx(125,19): error TS2607: JSX element class does not support attributes because it does not have a 'props' property.
app/(tabs)/index.tsx(125,20): error TS2786: 'Text' cannot be used as a JSX component.
  Its type 'typeof Text' is not a valid JSX element type.
    Type 'typeof Text' is not assignable to type 'new (props: any, context: any) => Component<any, any, any>'.
      Type 'Text' is missing the following properties from type 'Component<any, any, any>': context, setState, forceUpdate, render, and 2 more.
app/(tabs)/index.tsx(130,19): error TS2607: JSX element class does not support attributes because it does not have a 'props' property.
app/(tabs)/index.tsx(130,20): error TS2786: 'Text' cannot be used as a JSX component.
  Its type 'typeof Text' is not a valid JSX element type.
    Type 'typeof Text' is not assignable to type 'new (props: any, context: any) => Component<any, any, any>'.
      Type 'Text' is missing the following properties from type 'Component<any, any, any>': context, setState, forceUpdate, render, and 2 more.
app/(tabs)/index.tsx(136,15): error TS2607: JSX element class does not support attributes because it does not have a 'props' property.
app/(tabs)/index.tsx(136,16): error TS2786: 'View' cannot be used as a JSX component.
  Its type 'typeof View' is not a valid JSX element type.
    Type 'typeof View' is not assignable to type 'new (props: any, context: any) => Component<any, any, any>'.
      Type 'View' is missing the following properties from type 'Component<any, any, any>': context, setState, forceUpdate, render, and 2 more.
app/(tabs)/index.tsx(137,17): error TS2607: JSX element class does not support attributes because it does not have a 'props' property.
app/(tabs)/index.tsx(137,18): error TS2786: 'View' cannot be used as a JSX component.
  Its type 'typeof View' is not a valid JSX element type.
    Type 'typeof View' is not assignable to type 'new (props: any, context: any) => Component<any, any, any>'.
      Type 'View' is missing the following properties from type 'Component<any, any, any>': context, setState, forceUpdate, render, and 2 more.
app/(tabs)/index.tsx(139,19): error TS2607: JSX element class does not support attributes because it does not have a 'props' property.
app/(tabs)/index.tsx(139,20): error TS2786: 'Text' cannot be used as a JSX component.
  Its type 'typeof Text' is not a valid JSX element type.
    Type 'typeof Text' is not assignable to type 'new (props: any, context: any) => Component<any, any, any>'.
      Type 'Text' is missing the following properties from type 'Component<any, any, any>': context, setState, forceUpdate, render, and 2 more.
app/(tabs)/index.tsx(144,19): error TS2607: JSX element class does not support attributes because it does not have a 'props' property.
app/(tabs)/index.tsx(144,20): error TS2786: 'Text' cannot be used as a JSX component.
  Its type 'typeof Text' is not a valid JSX element type.
    Type 'typeof Text' is not assignable to type 'new (props: any, context: any) => Component<any, any, any>'.
      Type 'Text' is missing the following properties from type 'Component<any, any, any>': context, setState, forceUpdate, render, and 2 more.
app/(tabs)/index.tsx(153,15): error TS2607: JSX element class does not support attributes because it does not have a 'props' property.
app/(tabs)/index.tsx(153,16): error TS2786: 'View' cannot be used as a JSX component.
  Its type 'typeof View' is not a valid JSX element type.
    Type 'typeof View' is not assignable to type 'new (props: any, context: any) => Component<any, any, any>'.
      Type 'View' is missing the following properties from type 'Component<any, any, any>': context, setState, forceUpdate, render, and 2 more.
app/(tabs)/index.tsx(155,17): error TS2607: JSX element class does not support attributes because it does not have a 'props' property.
app/(tabs)/index.tsx(155,18): error TS2786: 'Text' cannot be used as a JSX component.
  Its type 'typeof Text' is not a valid JSX element type.
    Type 'typeof Text' is not assignable to type 'new (props: any, context: any) => Component<any, any, any>'.
      Type 'Text' is missing the following properties from type 'Component<any, any, any>': context, setState, forceUpdate, render, and 2 more.
app/index.tsx(1,10): error TS2305: Module '"expo-router"' has no exported member 'Redirect'.
app/modal.tsx(1,10): error TS2305: Module '"expo-router"' has no exported member 'Link'.
components/external-link.tsx(1,10): error TS2305: Module '"expo-router"' has no exported member 'Href'.
components/external-link.tsx(1,16): error TS2305: Module '"expo-router"' has no exported member 'Link'.
components/external-link.tsx(13,23): error TS7006: Parameter 'event' implicitly has an 'any' type.
components/parallax-scroll-view.tsx(7,3): error TS2724: '"react-native-reanimated"' has no exported member named 'useScrollOffset'. Did you mean 'useScrollViewOffset'?
components/parallax-scroll-view.tsx(28,36): error TS2344: Type 'AnimatedScrollView' does not satisfy the constraint 'Component<{}, {}, any>'.
components/Skeleton.tsx(37,15): error TS2322: Type '{ width: string | number | undefined; height: string | number | undefined; }' is not assignable to type 'false | "" | ViewStyle | RegisteredStyle<ViewStyle> | RecursiveArray<Falsy | ViewStyle | RegisteredStyle<ViewStyle>> | ... 11 more ... | undefined'.
  Types of property 'width' are incompatible.
    Type 'string | number | undefined' is not assignable to type 'DimensionValue | SharedValueDisableContravariance<number> | SharedValueDisableContravariance<"auto"> | SharedValueDisableContravariance<...> | { ...; } | SharedValueDisableContravariance<...> | undefined'.
      Type 'string' is not assignable to type 'DimensionValue | SharedValueDisableContravariance<number> | SharedValueDisableContravariance<"auto"> | SharedValueDisableContravariance<...> | { ...; } | SharedValueDisableContravariance<...> | undefined'.
components/StatusCard.tsx(24,5): error TS2607: JSX element class does not support attributes because it does not have a 'props' property.
components/StatusCard.tsx(24,6): error TS2786: 'View' cannot be used as a JSX component.
  Its type 'typeof View' is not a valid JSX element type.
    Type 'typeof View' is not assignable to type 'new (props: any, context: any) => Component<any, any, any>'.
      Type 'View' is missing the following properties from type 'Component<any, any, any>': context, setState, forceUpdate, render, and 2 more.
components/StatusCard.tsx(31,7): error TS2607: JSX element class does not support attributes because it does not have a 'props' property.
components/StatusCard.tsx(31,8): error TS2786: 'View' cannot be used as a JSX component.
  Its type 'typeof View' is not a valid JSX element type.
    Type 'typeof View' is not assignable to type 'new (props: any, context: any) => Component<any, any, any>'.
      Type 'View' is missing the following properties from type 'Component<any, any, any>': context, setState, forceUpdate, render, and 2 more.
components/StatusCard.tsx(38,9): error TS2607: JSX element class does not support attributes because it does not have a 'props' property.
components/StatusCard.tsx(38,10): error TS2786: 'Text' cannot be used as a JSX component.
  Its type 'typeof Text' is not a valid JSX element type.
    Type 'typeof Text' is not assignable to type 'new (props: any, context: any) => Component<any, any, any>'.
      Type 'Text' is missing the following properties from type 'Component<any, any, any>': context, setState, forceUpdate, render, and 2 more.
components/StatusCard.tsx(44,7): error TS2607: JSX element class does not support attributes because it does not have a 'props' property.
components/StatusCard.tsx(44,8): error TS2786: 'View' cannot be used as a JSX component.
  Its type 'typeof View' is not a valid JSX element type.
    Type 'typeof View' is not assignable to type 'new (props: any, context: any) => Component<any, any, any>'.
      Type 'View' is missing the following properties from type 'Component<any, any, any>': context, setState, forceUpdate, render, and 2 more.
components/themed-text.tsx(28,5): error TS2607: JSX element class does not support attributes because it does not have a 'props' property.
components/themed-text.tsx(28,6): error TS2786: 'Text' cannot be used as a JSX component.
  Its type 'typeof Text' is not a valid JSX element type.
    Type 'typeof Text' is not assignable to type 'new (props: any, context: any) => Component<any, any, any>'.
      Type 'Text' is missing the following properties from type 'Component<any, any, any>': context, setState, forceUpdate, render, and 2 more.
components/themed-view.tsx(23,10): error TS2607: JSX element class does not support attributes because it does not have a 'props' property.
components/themed-view.tsx(23,11): error TS2786: 'View' cannot be used as a JSX component.
  Its type 'typeof View' is not a valid JSX element type.
    Type 'typeof View' is not assignable to type 'new (props: any, context: any) => Component<any, any, any>'.
      Type 'View' is missing the following properties from type 'Component<any, any, any>': context, setState, forceUpdate, render, and 2 more.
components/ui/FileUpload.tsx(32,7): error TS2607: JSX element class does not support attributes because it does not have a 'props' property.
components/ui/FileUpload.tsx(32,8): error TS2786: 'View' cannot be used as a JSX component.
  Its type 'typeof View' is not a valid JSX element type.
    Type 'typeof View' is not assignable to type 'new (props: any, context: any) => Component<any, any, any>'.
      Type 'View' is missing the following properties from type 'Component<any, any, any>': context, setState, forceUpdate, render, and 2 more.
components/ui/FileUpload.tsx(45,7): error TS2607: JSX element class does not support attributes because it does not have a 'props' property.
components/ui/FileUpload.tsx(45,8): error TS2786: 'View' cannot be used as a JSX component.
  Its type 'typeof View' is not a valid JSX element type.
    Type 'typeof View' is not assignable to type 'new (props: any, context: any) => Component<any, any, any>'.
      Type 'View' is missing the following properties from type 'Component<any, any, any>': context, setState, forceUpdate, render, and 2 more.
components/ui/FileUpload.tsx(46,9): error TS2607: JSX element class does not support attributes because it does not have a 'props' property.
components/ui/FileUpload.tsx(46,10): error TS2786: 'Text' cannot be used as a JSX component.
  Its type 'typeof Text' is not a valid JSX element type.
    Type 'typeof Text' is not assignable to type 'new (props: any, context: any) => Component<any, any, any>'.
      Type 'Text' is missing the following properties from type 'Component<any, any, any>': context, setState, forceUpdate, render, and 2 more.
components/ui/FileUpload.tsx(55,11): error TS2607: JSX element class does not support attributes because it does not have a 'props' property.
components/ui/FileUpload.tsx(55,12): error TS2786: 'Text' cannot be used as a JSX component.
  Its type 'typeof Text' is not a valid JSX element type.
    Type 'typeof Text' is not assignable to type 'new (props: any, context: any) => Component<any, any, any>'.
      Type 'Text' is missing the following properties from type 'Component<any, any, any>': context, setState, forceUpdate, render, and 2 more.
node_modules/expo-asset/src/Asset.fx.ts(1,53): error TS7016: Could not find a declaration file for module 'react-native/Libraries/Image/AssetSourceResolver'. 'C:/Users/Sithabiso/Documents/a2b/frontend/node_modules/react-native/Libraries/Image/AssetSourceResolver.js' implicitly has an 'any' type.
  If the 'react-native' package actually exposes this module, try adding a new declaration (.d.ts) file containing `declare module 'react-native/Libraries/Image/AssetSourceResolver';`
node_modules/expo-asset/src/Asset.ts(1,30): error TS7016: Could not find a declaration file for module '@react-native/assets-registry/registry'. 'C:/Users/Sithabiso/Documents/a2b/frontend/node_modules/@react-native/assets-registry/registry.js' implicitly has an 'any' type.
  Try `npm i --save-dev @types/react-native__assets-registry` if it exists or add a new declaration (.d.ts) file containing `declare module '@react-native/assets-registry/registry';`
node_modules/expo-asset/src/AssetSourceResolver.ts(1,36): error TS7016: Could not find a declaration file for module '@react-native/assets-registry/registry'. 'C:/Users/Sithabiso/Documents/a2b/frontend/node_modules/@react-native/assets-registry/registry.js' implicitly has an 'any' type.
  Try `npm i --save-dev @types/react-native__assets-registry` if it exists or add a new declaration (.d.ts) file containing `declare module '@react-native/assets-registry/registry';`
node_modules/expo-asset/src/AssetSourceResolver.ts(31,3): error TS2578: Unused '@ts-expect-error' directive.
node_modules/expo-asset/src/AssetSources.ts(1,36): error TS7016: Could not find a declaration file for module '@react-native/assets-registry/registry'. 'C:/Users/Sithabiso/Documents/a2b/frontend/node_modules/@react-native/assets-registry/registry.js' implicitly has an 'any' type.
  Try `npm i --save-dev @types/react-native__assets-registry` if it exists or add a new declaration (.d.ts) file containing `declare module '@react-native/assets-registry/registry';`
node_modules/expo-asset/src/AssetSources.ts(33,40): error TS7006: Parameter 's' implicitly has an 'any' type.
node_modules/expo-asset/src/resolveAssetSource.ts(1,30): error TS7016: Could not find a declaration file for module '@react-native/assets-registry/registry'. 'C:/Users/Sithabiso/Documents/a2b/frontend/node_modules/@react-native/assets-registry/registry.js' implicitly has an 'any' type.
  Try `npm i --save-dev @types/react-native__assets-registry` if it exists or add a new declaration (.d.ts) file containing `declare module '@react-native/assets-registry/registry';`
node_modules/expo-image/src/ImageBackground.tsx(11,5): error TS2607: JSX element class does not support attributes because it does not have a 'props' property.
node_modules/expo-image/src/ImageBackground.tsx(11,6): error TS2786: 'View' cannot be used as a JSX component.
  Its type 'typeof View' is not a valid JSX element type.
    Type 'typeof View' is not assignable to type 'new (props: any, context: any) => Component<any, any, any>'.
      Type 'View' is missing the following properties from type 'Component<any, any, any>': context, setState, forceUpdate, render, and 2 more.
node_modules/expo-image/src/utils/resolveAssetSource.tsx(1,32): error TS7016: Could not find a declaration file for module 'react-native/Libraries/Image/resolveAssetSource'. 'C:/Users/Sithabiso/Documents/a2b/frontend/node_modules/react-native/Libraries/Image/resolveAssetSource.js' implicitly has an 'any' type.
  If the 'react-native' package actually exposes this module, try adding a new declaration (.d.ts) file containing `declare module 'react-native/Libraries/Image/resolveAssetSource';`
node_modules/expo-modules-core/src/LegacyEventEmitter.ts(1,23): error TS7016: Could not find a declaration file for module 'invariant'. 'C:/Users/Sithabiso/Documents/a2b/frontend/node_modules/invariant/invariant.js' implicitly has an 'any' type.
  Try `npm i --save-dev @types/invariant` if it exists or add a new declaration (.d.ts) file containing `declare module 'invariant';`
node_modules/expo/src/errors/AppEntryNotFound.tsx(5,5): error TS2607: JSX element class does not support attributes because it does not have a 'props' property.
node_modules/expo/src/errors/AppEntryNotFound.tsx(5,6): error TS2786: 'View' cannot be used as a JSX component.
  Its type 'typeof View' is not a valid JSX element type.
    Type 'typeof View' is not assignable to type 'new (props: any, context: any) => Component<any, any, any>'.
      Type 'View' is missing the following properties from type 'Component<any, any, any>': context, setState, forceUpdate, render, and 2 more.
node_modules/expo/src/errors/AppEntryNotFound.tsx(6,7): error TS2607: JSX element class does not support attributes because it does not have a 'props' property.
node_modules/expo/src/errors/AppEntryNotFound.tsx(6,8): error TS2786: 'Text' cannot be used as a JSX component.
  Its type 'typeof Text' is not a valid JSX element type.
    Type 'typeof Text' is not assignable to type 'new (props: any, context: any) => Component<any, any, any>'.
      Type 'Text' is missing the following properties from type 'Component<any, any, any>': context, setState, forceUpdate, render, and 2 more.
node_modules/expo/src/errors/AppEntryNotFound.tsx(7,7): error TS2607: JSX element class does not support attributes because it does not have a 'props' property.
node_modules/expo/src/errors/AppEntryNotFound.tsx(7,8): error TS2786: 'Text' cannot be used as a JSX component.
  Its type 'typeof Text' is not a valid JSX element type.
    Type 'typeof Text' is not assignable to type 'new (props: any, context: any) => Component<any, any, any>'.
      Type 'Text' is missing the following properties from type 'Component<any, any, any>': context, setState, forceUpdate, render, and 2 more.
node_modules/react-native-svg/src/elements/Circle.tsx(6,15): error TS2305: Module '"react-native"' has no exported member 'NativeMethods'.
node_modules/react-native-svg/src/elements/Circle.tsx(31,15): error TS7006: Parameter 'ref' implicitly has an 'any' type.
node_modules/react-native-svg/src/elements/Ellipse.tsx(6,15): error TS2305: Module '"react-native"' has no exported member 'NativeMethods'.
node_modules/react-native-svg/src/elements/Ellipse.tsx(38,15): error TS7006: Parameter 'ref' implicitly has an 'any' type.
node_modules/react-native-svg/src/elements/filters/FeBlend.tsx(2,10): error TS2305: Module '"react-native"' has no exported member 'NativeMethods'.
node_modules/react-native-svg/src/elements/filters/FeBlend.tsx(30,15): error TS7006: Parameter 'ref' implicitly has an 'any' type.
node_modules/react-native-svg/src/elements/filters/FeColorMatrix.tsx(2,10): error TS2305: Module '"react-native"' has no exported member 'NativeMethods'.
node_modules/react-native-svg/src/elements/filters/FeColorMatrix.tsx(30,15): error TS7006: Parameter 'ref' implicitly has an 'any' type.
node_modules/react-native-svg/src/elements/filters/FeComposite.tsx(2,10): error TS2305: Module '"react-native"' has no exported member 'NativeMethods'.
node_modules/react-native-svg/src/elements/filters/FeComposite.tsx(43,15): error TS7006: Parameter 'ref' implicitly has an 'any' type.
node_modules/react-native-svg/src/elements/filters/FeFlood.tsx(2,22): error TS2305: Module '"react-native"' has no exported member 'NativeMethods'.
node_modules/react-native-svg/src/elements/filters/FeFlood.tsx(26,15): error TS7006: Parameter 'ref' implicitly has an 'any' type.
node_modules/react-native-svg/src/elements/filters/FeGaussianBlur.tsx(2,10): error TS2305: Module '"react-native"' has no exported member 'NativeMethods'.
node_modules/react-native-svg/src/elements/filters/FeGaussianBlur.tsx(33,15): error TS7006: Parameter 'ref' implicitly has an 'any' type.
node_modules/react-native-svg/src/elements/filters/FeMerge.tsx(2,10): error TS2305: Module '"react-native"' has no exported member 'NativeMethods'.
node_modules/react-native-svg/src/elements/filters/FeMerge.tsx(21,15): error TS7006: Parameter 'ref' implicitly has an 'any' type.
node_modules/react-native-svg/src/elements/filters/FeOffset.tsx(2,10): error TS2305: Module '"react-native"' has no exported member 'NativeMethods'.
node_modules/react-native-svg/src/elements/filters/FeOffset.tsx(26,15): error TS7006: Parameter 'ref' implicitly has an 'any' type.
node_modules/react-native-svg/src/elements/filters/Filter.tsx(2,10): error TS2305: Module '"react-native"' has no exported member 'NativeMethods'.
node_modules/react-native-svg/src/elements/filters/Filter.tsx(44,15): error TS7006: Parameter 'ref' implicitly has an 'any' type.
node_modules/react-native-svg/src/elements/filters/FilterPrimitive.tsx(2,10): error TS2305: Module '"react-native"' has no exported member 'NativeMethods'.
node_modules/react-native-svg/src/elements/ForeignObject.tsx(7,15): error TS2305: Module '"react-native"' has no exported member 'NativeMethods'.
node_modules/react-native-svg/src/elements/ForeignObject.tsx(33,15): error TS7006: Parameter 'ref' implicitly has an 'any' type.
node_modules/react-native-svg/src/elements/G.tsx(13,15): error TS2305: Module '"react-native"' has no exported member 'NativeMethods'.
node_modules/react-native-svg/src/elements/G.tsx(46,15): error TS7006: Parameter 'ref' implicitly has an 'any' type.
node_modules/react-native-svg/src/elements/Image.tsx(4,3): error TS2305: Module '"react-native"' has no exported member 'NativeMethods'.
node_modules/react-native-svg/src/elements/Image.tsx(74,15): error TS7006: Parameter 'ref' implicitly has an 'any' type.
node_modules/react-native-svg/src/elements/Line.tsx(6,15): error TS2305: Module '"react-native"' has no exported member 'NativeMethods'.
node_modules/react-native-svg/src/elements/Line.tsx(38,15): error TS7006: Parameter 'ref' implicitly has an 'any' type.
node_modules/react-native-svg/src/elements/LinearGradient.tsx(7,15): error TS2305: Module '"react-native"' has no exported member 'NativeMethods'.
node_modules/react-native-svg/src/elements/LinearGradient.tsx(36,15): error TS7006: Parameter 'ref' implicitly has an 'any' type.
node_modules/react-native-svg/src/elements/Marker.tsx(7,15): error TS2305: Module '"react-native"' has no exported member 'NativeMethods'.
node_modules/react-native-svg/src/elements/Marker.tsx(64,15): error TS7006: Parameter 'ref' implicitly has an 'any' type.
node_modules/react-native-svg/src/elements/Mask.tsx(13,15): error TS2305: Module '"react-native"' has no exported member 'NativeMethods'.
node_modules/react-native-svg/src/elements/Mask.tsx(65,15): error TS7006: Parameter 'ref' implicitly has an 'any' type.
node_modules/react-native-svg/src/elements/Path.tsx(6,15): error TS2305: Module '"react-native"' has no exported member 'NativeMethods'.
node_modules/react-native-svg/src/elements/Path.tsx(23,15): error TS7006: Parameter 'ref' implicitly has an 'any' type.
node_modules/react-native-svg/src/elements/Pattern.tsx(9,15): error TS2305: Module '"react-native"' has no exported member 'NativeMethods'.
node_modules/react-native-svg/src/elements/Pattern.tsx(65,15): error TS7006: Parameter 'ref' implicitly has an 'any' type.
node_modules/react-native-svg/src/elements/RadialGradient.tsx(7,15): error TS2305: Module '"react-native"' has no exported member 'NativeMethods'.
node_modules/react-native-svg/src/elements/RadialGradient.tsx(45,15): error TS7006: Parameter 'ref' implicitly has an 'any' type.
node_modules/react-native-svg/src/elements/Rect.tsx(6,15): error TS2305: Module '"react-native"' has no exported member 'NativeMethods'.
node_modules/react-native-svg/src/elements/Rect.tsx(34,15): error TS7006: Parameter 'ref' implicitly has an 'any' type.
node_modules/react-native-svg/src/elements/Shape.tsx(5,27): error TS2305: Module '"react-native"' has no exported member 'NativeMethods'.
node_modules/react-native-svg/src/elements/Svg.tsx(5,3): error TS2305: Module '"react-native"' has no exported member 'MeasureInWindowOnSuccessCallback'.
node_modules/react-native-svg/src/elements/Svg.tsx(6,3): error TS2305: Module '"react-native"' has no exported member 'MeasureLayoutOnSuccessCallback'.
node_modules/react-native-svg/src/elements/Svg.tsx(7,3): error TS2305: Module '"react-native"' has no exported member 'MeasureOnSuccessCallback'.
node_modules/react-native-svg/src/elements/Svg.tsx(8,3): error TS2305: Module '"react-native"' has no exported member 'NativeMethods'.
node_modules/react-native-svg/src/elements/Svg.tsx(195,15): error TS7006: Parameter 'ref' implicitly has an 'any' type.
node_modules/react-native-svg/src/elements/Symbol.tsx(7,15): error TS2305: Module '"react-native"' has no exported member 'NativeMethods'.
node_modules/react-native-svg/src/elements/Symbol.tsx(26,15): error TS7006: Parameter 'ref' implicitly has an 'any' type.
node_modules/react-native-svg/src/elements/Use.tsx(8,15): error TS2305: Module '"react-native"' has no exported member 'NativeMethods'.
node_modules/react-native-svg/src/elements/Use.tsx(62,15): error TS7006: Parameter 'ref' implicitly has an 'any' type.
node_modules/react-native-svg/src/lib/extract/extractFilter.ts(170,37): error TS2769: No overload matches this call.
  The last overload gave the following error.
    Object literal may only specify known properties, and 'parent' does not exist in type 'Partial<unknown> & Attributes'.
node_modules/react-native-svg/src/lib/extract/extractFilter.ts(176,16): error TS2339: Property 'in' does not exist on type 'HTMLAttributes<HTMLElement>'.
node_modules/react-native-svg/src/lib/extract/extractGradient.ts(61,11): error TS2769: No overload matches this call.
  The last overload gave the following error.
    Object literal may only specify known properties, and 'parent' does not exist in type 'Partial<unknown> & Attributes'.
node_modules/react-native-svg/src/lib/extract/extractGradient.ts(70,9): error TS2339: Property 'offset' does not exist on type 'HTMLAttributes<HTMLElement>'.
node_modules/react-native-svg/src/lib/extract/extractGradient.ts(71,9): error TS2339: Property 'stopColor' does not exist on type 'HTMLAttributes<HTMLElement>'.
node_modules/react-native-svg/src/lib/extract/extractGradient.ts(72,9): error TS2339: Property 'stopOpacity' does not exist on type 'HTMLAttributes<HTMLElement>'.
node_modules/react-native-svg/src/lib/extract/types.ts(4,3): error TS2305: Module '"react-native"' has no exported member 'GestureResponderHandlers'.
node_modules/react-native-svg/src/lib/extract/types.ts(5,3): error TS2305: Module '"react-native"' has no exported member 'Insets'.
